------------------------------------------------------------
Timing Analyzer Summary
------------------------------------------------------------

Type  : Slow 1100mV 85C Model Setup 'altera_reserved_tck'
Slack : 1.813
TNS   : 0.000

Type  : Slow 1100mV 85C Model Setup 'clk'
Slack : 4.764
TNS   : 0.000

Type  : Slow 1100mV 85C Model Hold 'altera_reserved_tck'
Slack : 0.215
TNS   : 0.000

Type  : Slow 1100mV 85C Model Hold 'clk'
Slack : 0.244
TNS   : 0.000

Type  : Slow 1100mV 85C Model Recovery 'clk'
Slack : 12.831
TNS   : 0.000

Type  : Slow 1100mV 85C Model Recovery 'altera_reserved_tck'
Slack : 15.088
TNS   : 0.000

Type  : Slow 1100mV 85C Model Removal 'altera_reserved_tck'
Slack : 0.797
TNS   : 0.000

Type  : Slow 1100mV 85C Model Removal 'clk'
Slack : 0.803
TNS   : 0.000

Type  : Slow 1100mV 85C Model Minimum Pulse Width 'clk'
Slack : 8.869
TNS   : 0.000

Type  : Slow 1100mV 85C Model Minimum Pulse Width 'altera_reserved_tck'
Slack : 15.465
TNS   : 0.000

Type  : Slow 1100mV 0C Model Setup 'altera_reserved_tck'
Slack : 2.296
TNS   : 0.000

Type  : Slow 1100mV 0C Model Setup 'clk'
Slack : 5.057
TNS   : 0.000

Type  : Slow 1100mV 0C Model Hold 'altera_reserved_tck'
Slack : 0.200
TNS   : 0.000

Type  : Slow 1100mV 0C Model Hold 'clk'
Slack : 0.203
TNS   : 0.000

Type  : Slow 1100mV 0C Model Recovery 'clk'
Slack : 13.169
TNS   : 0.000

Type  : Slow 1100mV 0C Model Recovery 'altera_reserved_tck'
Slack : 15.199
TNS   : 0.000

Type  : Slow 1100mV 0C Model Removal 'altera_reserved_tck'
Slack : 0.740
TNS   : 0.000

Type  : Slow 1100mV 0C Model Removal 'clk'
Slack : 0.746
TNS   : 0.000

Type  : Slow 1100mV 0C Model Minimum Pulse Width 'clk'
Slack : 8.905
TNS   : 0.000

Type  : Slow 1100mV 0C Model Minimum Pulse Width 'altera_reserved_tck'
Slack : 15.431
TNS   : 0.000

Type  : Fast 1100mV 85C Model Setup 'altera_reserved_tck'
Slack : 5.588
TNS   : 0.000

Type  : Fast 1100mV 85C Model Setup 'clk'
Slack : 10.548
TNS   : 0.000

Type  : Fast 1100mV 85C Model Hold 'altera_reserved_tck'
Slack : 0.133
TNS   : 0.000

Type  : Fast 1100mV 85C Model Hold 'clk'
Slack : 0.148
TNS   : 0.000

Type  : Fast 1100mV 85C Model Recovery 'clk'
Slack : 14.944
TNS   : 0.000

Type  : Fast 1100mV 85C Model Recovery 'altera_reserved_tck'
Slack : 16.224
TNS   : 0.000

Type  : Fast 1100mV 85C Model Removal 'altera_reserved_tck'
Slack : 0.445
TNS   : 0.000

Type  : Fast 1100mV 85C Model Removal 'clk'
Slack : 0.451
TNS   : 0.000

Type  : Fast 1100mV 85C Model Minimum Pulse Width 'clk'
Slack : 8.479
TNS   : 0.000

Type  : Fast 1100mV 85C Model Minimum Pulse Width 'altera_reserved_tck'
Slack : 14.994
TNS   : 0.000

Type  : Fast 1100mV 0C Model Setup 'altera_reserved_tck'
Slack : 6.564
TNS   : 0.000

Type  : Fast 1100mV 0C Model Setup 'clk'
Slack : 11.561
TNS   : 0.000

Type  : Fast 1100mV 0C Model Hold 'altera_reserved_tck'
Slack : 0.120
TNS   : 0.000

Type  : Fast 1100mV 0C Model Hold 'clk'
Slack : 0.125
TNS   : 0.000

Type  : Fast 1100mV 0C Model Recovery 'clk'
Slack : 15.583
TNS   : 0.000

Type  : Fast 1100mV 0C Model Recovery 'altera_reserved_tck'
Slack : 16.393
TNS   : 0.000

Type  : Fast 1100mV 0C Model Removal 'altera_reserved_tck'
Slack : 0.407
TNS   : 0.000

Type  : Fast 1100mV 0C Model Removal 'clk'
Slack : 0.409
TNS   : 0.000

Type  : Fast 1100mV 0C Model Minimum Pulse Width 'clk'
Slack : 8.431
TNS   : 0.000

Type  : Fast 1100mV 0C Model Minimum Pulse Width 'altera_reserved_tck'
Slack : 14.937
TNS   : 0.000

------------------------------------------------------------
